192.168.111.1 - - [05/Jun/2019:14:16:18 +0000] "GET / HTTP/1.1" 200 1056 "-" "Mozilla/5.0 (Windows NT 10.0; Win64; x64; rv:67.0) Gecko/20100101 Firefox/67.0"
192.168.111.1 - - [05/Jun/2019:14:16:19 +0000] "HEAD /assets/img/logo-en@2x.png HTTP/1.1" 404 158 "http://192.168.111.146:8001/" "Mozilla/5.0 (Windows NT 10.0; Win64; x64; rv:67.0) Gecko/20100101 Firefox/67.0"
192.168.111.1 - - [05/Jun/2019:14:16:23 +0000] "POST /confirm.php HTTP/1.1" 200 850 "http://192.168.111.146:8001/" "Mozilla/5.0 (Windows NT 10.0; Win64; x64; rv:67.0) Gecko/20100101 Firefox/67.0"
192.168.111.1 - - [05/Jun/2019:14:16:23 +0000] "GET /assets/img/logo-zh.png HTTP/1.1" 200 18461 "http://192.168.111.146:8001/confirm.php" "Mozilla/5.0 (Windows NT 10.0; Win64; x64; rv:67.0) Gecko/20100101 Firefox/67.0"
192.168.111.1 - - [05/Jun/2019:14:16:23 +0000] "HEAD /assets/img/logo-zh@2x.png HTTP/1.1" 404 158 "http://192.168.111.146:8001/confirm.php" "Mozilla/5.0 (Windows NT 10.0; Win64; x64; rv:67.0) Gecko/20100101 Firefox/67.0"
192.168.111.1 - - [05/Jun/2019:14:16:24 +0000] "GET /index.php HTTP/1.1" 200 1056 "http://192.168.111.146:8001/confirm.php" "Mozilla/5.0 (Windows NT 10.0; Win64; x64; rv:67.0) Gecko/20100101 Firefox/67.0"
192.168.111.1 - - [05/Jun/2019:14:16:25 +0000] "HEAD /assets/img/logo-en@2x.png HTTP/1.1" 404 158 "http://192.168.111.146:8001/index.php" "Mozilla/5.0 (Windows NT 10.0; Win64; x64; rv:67.0) Gecko/20100101 Firefox/67.0"
192.168.111.1 - - [05/Jun/2019:14:40:45 +0000] "GET / HTTP/1.1" 200 1056 "-" "Mozilla/5.0 (Windows NT 10.0; Win64; x64; rv:67.0) Gecko/20100101 Firefox/67.0"
192.168.111.1 - - [05/Jun/2019:14:40:45 +0000] "HEAD /assets/img/logo-en@2x.png HTTP/1.1" 404 158 "http://192.168.111.146:8001/" "Mozilla/5.0 (Windows NT 10.0; Win64; x64; rv:67.0) Gecko/20100101 Firefox/67.0"
192.168.111.1 - - [05/Jun/2019:14:40:50 +0000] "GET / HTTP/1.1" 200 1056 "-" "Mozilla/5.0 (Windows NT 10.0; Win64; x64; rv:67.0) Gecko/20100101 Firefox/67.0"
192.168.111.1 - - [05/Jun/2019:14:40:50 +0000] "HEAD /assets/img/logo-en@2x.png HTTP/1.1" 404 158 "http://192.168.111.146:8001/" "Mozilla/5.0 (Windows NT 10.0; Win64; x64; rv:67.0) Gecko/20100101 Firefox/67.0"
172.31.100.101 - - [07/Jun/2019:18:34:22 +0000] "GET / HTTP/1.1" 200 1056 "-" "Mozilla/5.0 (Macintosh; Intel Mac OS X 10_14_5) AppleWebKit/537.36 (KHTML, like Gecko) Chrome/74.0.3729.169 Safari/537.36"
172.31.100.101 - - [07/Jun/2019:18:34:23 +0000] "GET /assets/css/custom-animations.css HTTP/1.1" 200 918 "http://172.1.31.4/" "Mozilla/5.0 (Macintosh; Intel Mac OS X 10_14_5) AppleWebKit/537.36 (KHTML, like Gecko) Chrome/74.0.3729.169 Safari/537.36"
172.31.100.101 - - [07/Jun/2019:18:34:23 +0000] "GET /assets/css/style.css HTTP/1.1" 200 1711 "http://172.1.31.4/" "Mozilla/5.0 (Macintosh; Intel Mac OS X 10_14_5) AppleWebKit/537.36 (KHTML, like Gecko) Chrome/74.0.3729.169 Safari/537.36"
172.31.100.101 - - [07/Jun/2019:18:34:23 +0000] "GET /assets/img/logo-en.png HTTP/1.1" 200 16423 "http://172.1.31.4/" "Mozilla/5.0 (Macintosh; Intel Mac OS X 10_14_5) AppleWebKit/537.36 (KHTML, like Gecko) Chrome/74.0.3729.169 Safari/537.36"
172.31.100.101 - - [07/Jun/2019:18:34:23 +0000] "GET /assets/css/bootstrap.css HTTP/1.1" 200 19818 "http://172.1.31.4/" "Mozilla/5.0 (Macintosh; Intel Mac OS X 10_14_5) AppleWebKit/537.36 (KHTML, like Gecko) Chrome/74.0.3729.169 Safari/537.36"
172.31.100.101 - - [07/Jun/2019:18:34:23 +0000] "GET /assets/js/jquery.min.js HTTP/1.1" 200 33127 "http://172.1.31.4/" "Mozilla/5.0 (Macintosh; Intel Mac OS X 10_14_5) AppleWebKit/537.36 (KHTML, like Gecko) Chrome/74.0.3729.169 Safari/537.36"
172.31.100.101 - - [07/Jun/2019:18:34:23 +0000] "GET /assets/js/retina-1.1.0.js HTTP/1.1" 200 1735 "http://172.1.31.4/" "Mozilla/5.0 (Macintosh; Intel Mac OS X 10_14_5) AppleWebKit/537.36 (KHTML, like Gecko) Chrome/74.0.3729.169 Safari/537.36"
172.31.100.101 - - [07/Jun/2019:18:34:23 +0000] "GET /assets/js/jquery.unveilEffects.js HTTP/1.1" 200 1395 "http://172.1.31.4/" "Mozilla/5.0 (Macintosh; Intel Mac OS X 10_14_5) AppleWebKit/537.36 (KHTML, like Gecko) Chrome/74.0.3729.169 Safari/537.36"
172.31.100.101 - - [07/Jun/2019:18:34:23 +0000] "GET /assets/js/bootstrap.min.js HTTP/1.1" 200 8849 "http://172.1.31.4/" "Mozilla/5.0 (Macintosh; Intel Mac OS X 10_14_5) AppleWebKit/537.36 (KHTML, like Gecko) Chrome/74.0.3729.169 Safari/537.36"
172.31.100.101 - - [07/Jun/2019:18:34:24 +0000] "GET /assets/img/A-mercenary-on-the-rise-zh-cn.jpg HTTP/1.1" 200 839807 "http://172.1.31.4/assets/css/style.css" "Mozilla/5.0 (Macintosh; Intel Mac OS X 10_14_5) AppleWebKit/537.36 (KHTML, like Gecko) Chrome/74.0.3729.169 Safari/537.36"
172.31.100.101 - - [07/Jun/2019:18:34:24 +0000] "HEAD /assets/img/logo-en@2x.png HTTP/1.1" 404 158 "http://172.1.31.4/" "Mozilla/5.0 (Macintosh; Intel Mac OS X 10_14_5) AppleWebKit/537.36 (KHTML, like Gecko) Chrome/74.0.3729.169 Safari/537.36"
172.31.100.101 - - [07/Jun/2019:18:34:24 +0000] "GET /favicon.ico HTTP/1.1" 404 463 "http://172.1.31.4/" "Mozilla/5.0 (Macintosh; Intel Mac OS X 10_14_5) AppleWebKit/537.36 (KHTML, like Gecko) Chrome/74.0.3729.169 Safari/537.36"
172.31.100.103 - - [07/Jun/2019:18:34:27 +0000] "GET / HTTP/1.1" 200 1056 "-" "Mozilla/5.0 (Windows NT 10.0; Win64; x64; rv:67.0) Gecko/20100101 Firefox/67.0"
172.31.100.103 - - [07/Jun/2019:18:34:27 +0000] "GET /assets/css/custom-animations.css HTTP/1.1" 200 918 "http://172.1.31.4/" "Mozilla/5.0 (Windows NT 10.0; Win64; x64; rv:67.0) Gecko/20100101 Firefox/67.0"
172.31.100.103 - - [07/Jun/2019:18:34:27 +0000] "GET /assets/css/style.css HTTP/1.1" 200 1711 "http://172.1.31.4/" "Mozilla/5.0 (Windows NT 10.0; Win64; x64; rv:67.0) Gecko/20100101 Firefox/67.0"
172.31.100.103 - - [07/Jun/2019:18:34:27 +0000] "GET /assets/js/retina-1.1.0.js HTTP/1.1" 200 1735 "http://172.1.31.4/" "Mozilla/5.0 (Windows NT 10.0; Win64; x64; rv:67.0) Gecko/20100101 Firefox/67.0"
172.31.100.103 - - [07/Jun/2019:18:34:27 +0000] "GET /assets/js/bootstrap.min.js HTTP/1.1" 200 8849 "http://172.1.31.4/" "Mozilla/5.0 (Windows NT 10.0; Win64; x64; rv:67.0) Gecko/20100101 Firefox/67.0"
172.31.100.103 - - [07/Jun/2019:18:34:27 +0000] "GET /assets/js/jquery.unveilEffects.js HTTP/1.1" 200 1395 "http://172.1.31.4/" "Mozilla/5.0 (Windows NT 10.0; Win64; x64; rv:67.0) Gecko/20100101 Firefox/67.0"
172.31.100.103 - - [07/Jun/2019:18:34:27 +0000] "GET /assets/css/bootstrap.css HTTP/1.1" 200 19818 "http://172.1.31.4/" "Mozilla/5.0 (Windows NT 10.0; Win64; x64; rv:67.0) Gecko/20100101 Firefox/67.0"
172.31.100.103 - - [07/Jun/2019:18:34:27 +0000] "GET /assets/img/logo-en.png HTTP/1.1" 200 16423 "http://172.1.31.4/" "Mozilla/5.0 (Windows NT 10.0; Win64; x64; rv:67.0) Gecko/20100101 Firefox/67.0"
172.31.100.103 - - [07/Jun/2019:18:34:27 +0000] "GET /assets/js/jquery.min.js HTTP/1.1" 200 33127 "http://172.1.31.4/" "Mozilla/5.0 (Windows NT 10.0; Win64; x64; rv:67.0) Gecko/20100101 Firefox/67.0"
172.31.100.103 - - [07/Jun/2019:18:34:27 +0000] "GET /assets/img/A-mercenary-on-the-rise-zh-cn.jpg HTTP/1.1" 200 839807 "http://172.1.31.4/assets/css/style.css" "Mozilla/5.0 (Windows NT 10.0; Win64; x64; rv:67.0) Gecko/20100101 Firefox/67.0"
172.31.100.103 - - [07/Jun/2019:18:34:27 +0000] "GET /favicon.ico HTTP/1.1" 404 463 "-" "Mozilla/5.0 (Windows NT 10.0; Win64; x64; rv:67.0) Gecko/20100101 Firefox/67.0"
172.31.100.103 - - [07/Jun/2019:18:34:27 +0000] "HEAD /assets/img/logo-en@2x.png HTTP/1.1" 404 158 "http://172.1.31.4/" "Mozilla/5.0 (Windows NT 10.0; Win64; x64; rv:67.0) Gecko/20100101 Firefox/67.0"
172.31.100.101 - - [07/Jun/2019:18:34:29 +0000] "POST /confirm.php HTTP/1.1" 200 850 "http://172.1.31.4/" "Mozilla/5.0 (Macintosh; Intel Mac OS X 10_14_5) AppleWebKit/537.36 (KHTML, like Gecko) Chrome/74.0.3729.169 Safari/537.36"
172.31.100.101 - - [07/Jun/2019:18:34:29 +0000] "GET /assets/img/logo-zh.png HTTP/1.1" 200 18461 "http://172.1.31.4/confirm.php" "Mozilla/5.0 (Macintosh; Intel Mac OS X 10_14_5) AppleWebKit/537.36 (KHTML, like Gecko) Chrome/74.0.3729.169 Safari/537.36"
172.31.100.101 - - [07/Jun/2019:18:34:30 +0000] "HEAD /assets/img/logo-zh@2x.png HTTP/1.1" 404 158 "http://172.1.31.4/confirm.php" "Mozilla/5.0 (Macintosh; Intel Mac OS X 10_14_5) AppleWebKit/537.36 (KHTML, like Gecko) Chrome/74.0.3729.169 Safari/537.36"
172.31.100.101 - - [07/Jun/2019:18:34:31 +0000] "GET /index.php HTTP/1.1" 200 1056 "http://172.1.31.4/confirm.php" "Mozilla/5.0 (Macintosh; Intel Mac OS X 10_14_5) AppleWebKit/537.36 (KHTML, like Gecko) Chrome/74.0.3729.169 Safari/537.36"
172.31.100.101 - - [07/Jun/2019:18:34:32 +0000] "HEAD /assets/img/logo-en@2x.png HTTP/1.1" 404 158 "http://172.1.31.4/index.php" "Mozilla/5.0 (Macintosh; Intel Mac OS X 10_14_5) AppleWebKit/537.36 (KHTML, like Gecko) Chrome/74.0.3729.169 Safari/537.36"
172.31.100.102 - - [07/Jun/2019:18:34:43 +0000] "GET / HTTP/1.1" 200 1056 "-" "Mozilla/5.0 (Windows NT 10.0; Win64; x64; rv:67.0) Gecko/20100101 Firefox/67.0"
172.31.100.102 - - [07/Jun/2019:18:34:43 +0000] "GET /assets/css/custom-animations.css HTTP/1.1" 200 918 "http://172.1.31.4/" "Mozilla/5.0 (Windows NT 10.0; Win64; x64; rv:67.0) Gecko/20100101 Firefox/67.0"
172.31.100.102 - - [07/Jun/2019:18:34:43 +0000] "GET /assets/css/bootstrap.css HTTP/1.1" 200 19818 "http://172.1.31.4/" "Mozilla/5.0 (Windows NT 10.0; Win64; x64; rv:67.0) Gecko/20100101 Firefox/67.0"
172.31.100.102 - - [07/Jun/2019:18:34:43 +0000] "GET /assets/css/style.css HTTP/1.1" 200 1711 "http://172.1.31.4/" "Mozilla/5.0 (Windows NT 10.0; Win64; x64; rv:67.0) Gecko/20100101 Firefox/67.0"
172.31.100.102 - - [07/Jun/2019:18:34:43 +0000] "GET /assets/img/logo-en.png HTTP/1.1" 200 16423 "http://172.1.31.4/" "Mozilla/5.0 (Windows NT 10.0; Win64; x64; rv:67.0) Gecko/20100101 Firefox/67.0"
172.31.100.102 - - [07/Jun/2019:18:34:43 +0000] "GET /assets/js/bootstrap.min.js HTTP/1.1" 200 8849 "http://172.1.31.4/" "Mozilla/5.0 (Windows NT 10.0; Win64; x64; rv:67.0) Gecko/20100101 Firefox/67.0"
172.31.100.102 - - [07/Jun/2019:18:34:43 +0000] "GET /assets/js/jquery.min.js HTTP/1.1" 200 33127 "http://172.1.31.4/" "Mozilla/5.0 (Windows NT 10.0; Win64; x64; rv:67.0) Gecko/20100101 Firefox/67.0"
172.31.100.102 - - [07/Jun/2019:18:34:43 +0000] "GET /assets/js/retina-1.1.0.js HTTP/1.1" 200 1735 "http://172.1.31.4/" "Mozilla/5.0 (Windows NT 10.0; Win64; x64; rv:67.0) Gecko/20100101 Firefox/67.0"
172.31.100.102 - - [07/Jun/2019:18:34:43 +0000] "GET /assets/js/jquery.unveilEffects.js HTTP/1.1" 200 1395 "http://172.1.31.4/" "Mozilla/5.0 (Windows NT 10.0; Win64; x64; rv:67.0) Gecko/20100101 Firefox/67.0"
172.31.100.102 - - [07/Jun/2019:18:34:43 +0000] "GET /assets/img/A-mercenary-on-the-rise-zh-cn.jpg HTTP/1.1" 200 839807 "http://172.1.31.4/assets/css/style.css" "Mozilla/5.0 (Windows NT 10.0; Win64; x64; rv:67.0) Gecko/20100101 Firefox/67.0"
172.31.100.102 - - [07/Jun/2019:18:34:43 +0000] "GET /favicon.ico HTTP/1.1" 404 463 "-" "Mozilla/5.0 (Windows NT 10.0; Win64; x64; rv:67.0) Gecko/20100101 Firefox/67.0"
172.31.100.102 - - [07/Jun/2019:18:34:43 +0000] "HEAD /assets/img/logo-en@2x.png HTTP/1.1" 404 158 "http://172.1.31.4/" "Mozilla/5.0 (Windows NT 10.0; Win64; x64; rv:67.0) Gecko/20100101 Firefox/67.0"
172.31.100.101 - - [07/Jun/2019:18:34:46 +0000] "POST /confirm.php HTTP/1.1" 200 851 "http://172.1.31.4/index.php" "Mozilla/5.0 (Macintosh; Intel Mac OS X 10_14_5) AppleWebKit/537.36 (KHTML, like Gecko) Chrome/74.0.3729.169 Safari/537.36"
172.31.100.101 - - [07/Jun/2019:18:34:46 +0000] "HEAD /assets/img/logo-zh@2x.png HTTP/1.1" 404 158 "http://172.1.31.4/confirm.php" "Mozilla/5.0 (Macintosh; Intel Mac OS X 10_14_5) AppleWebKit/537.36 (KHTML, like Gecko) Chrome/74.0.3729.169 Safari/537.36"
172.31.100.101 - - [07/Jun/2019:18:34:47 +0000] "GET /index.php HTTP/1.1" 200 1056 "http://172.1.31.4/confirm.php" "Mozilla/5.0 (Macintosh; Intel Mac OS X 10_14_5) AppleWebKit/537.36 (KHTML, like Gecko) Chrome/74.0.3729.169 Safari/537.36"
172.31.100.103 - - [07/Jun/2019:18:34:48 +0000] "POST /confirm.php HTTP/1.1" 200 851 "http://172.1.31.4/" "Mozilla/5.0 (Windows NT 10.0; Win64; x64; rv:67.0) Gecko/20100101 Firefox/67.0"
172.31.100.103 - - [07/Jun/2019:18:34:48 +0000] "GET /assets/img/logo-zh.png HTTP/1.1" 200 18461 "http://172.1.31.4/confirm.php" "Mozilla/5.0 (Windows NT 10.0; Win64; x64; rv:67.0) Gecko/20100101 Firefox/67.0"
172.31.100.103 - - [07/Jun/2019:18:34:48 +0000] "HEAD /assets/img/logo-zh@2x.png HTTP/1.1" 404 158 "http://172.1.31.4/confirm.php" "Mozilla/5.0 (Windows NT 10.0; Win64; x64; rv:67.0) Gecko/20100101 Firefox/67.0"
172.31.100.101 - - [07/Jun/2019:18:34:48 +0000] "HEAD /assets/img/logo-en@2x.png HTTP/1.1" 404 158 "http://172.1.31.4/index.php" "Mozilla/5.0 (Macintosh; Intel Mac OS X 10_14_5) AppleWebKit/537.36 (KHTML, like Gecko) Chrome/74.0.3729.169 Safari/537.36"
172.31.100.102 - - [07/Jun/2019:18:34:49 +0000] "POST /confirm.php HTTP/1.1" 200 850 "http://172.1.31.4/" "Mozilla/5.0 (Windows NT 10.0; Win64; x64; rv:67.0) Gecko/20100101 Firefox/67.0"
172.31.100.102 - - [07/Jun/2019:18:34:49 +0000] "GET /assets/img/logo-zh.png HTTP/1.1" 200 18461 "http://172.1.31.4/confirm.php" "Mozilla/5.0 (Windows NT 10.0; Win64; x64; rv:67.0) Gecko/20100101 Firefox/67.0"
172.31.100.102 - - [07/Jun/2019:18:34:49 +0000] "HEAD /assets/img/logo-zh@2x.png HTTP/1.1" 404 158 "http://172.1.31.4/confirm.php" "Mozilla/5.0 (Windows NT 10.0; Win64; x64; rv:67.0) Gecko/20100101 Firefox/67.0"
172.31.100.101 - - [07/Jun/2019:18:34:49 +0000] "GET /search.php HTTP/1.1" 200 917 "http://172.1.31.4/index.php" "Mozilla/5.0 (Macintosh; Intel Mac OS X 10_14_5) AppleWebKit/537.36 (KHTML, like Gecko) Chrome/74.0.3729.169 Safari/537.36"
172.31.100.102 - - [07/Jun/2019:18:34:51 +0000] "GET /index.php HTTP/1.1" 200 1056 "http://172.1.31.4/confirm.php" "Mozilla/5.0 (Windows NT 10.0; Win64; x64; rv:67.0) Gecko/20100101 Firefox/67.0"
172.31.100.102 - - [07/Jun/2019:18:34:51 +0000] "HEAD /assets/img/logo-en@2x.png HTTP/1.1" 404 158 "http://172.1.31.4/index.php" "Mozilla/5.0 (Windows NT 10.0; Win64; x64; rv:67.0) Gecko/20100101 Firefox/67.0"
172.31.100.103 - - [07/Jun/2019:18:34:53 +0000] "GET /search.php HTTP/1.1" 200 917 "http://172.1.31.4/confirm.php" "Mozilla/5.0 (Windows NT 10.0; Win64; x64; rv:67.0) Gecko/20100101 Firefox/67.0"
172.31.100.102 - - [07/Jun/2019:18:34:53 +0000] "GET /search.php HTTP/1.1" 200 917 "http://172.1.31.4/index.php" "Mozilla/5.0 (Windows NT 10.0; Win64; x64; rv:67.0) Gecko/20100101 Firefox/67.0"
172.31.100.103 - - [07/Jun/2019:18:34:57 +0000] "POST /search.php HTTP/1.1" 200 927 "http://172.1.31.4/search.php" "Mozilla/5.0 (Windows NT 10.0; Win64; x64; rv:67.0) Gecko/20100101 Firefox/67.0"
172.31.100.101 - - [07/Jun/2019:18:34:57 +0000] "POST /search.php HTTP/1.1" 200 958 "http://172.1.31.4/search.php" "Mozilla/5.0 (Macintosh; Intel Mac OS X 10_14_5) AppleWebKit/537.36 (KHTML, like Gecko) Chrome/74.0.3729.169 Safari/537.36"
172.31.100.103 - - [07/Jun/2019:18:35:01 +0000] "GET /delete.php HTTP/1.1" 200 913 "http://172.1.31.4/search.php" "Mozilla/5.0 (Windows NT 10.0; Win64; x64; rv:67.0) Gecko/20100101 Firefox/67.0"
172.31.100.102 - - [07/Jun/2019:18:35:02 +0000] "POST /search.php HTTP/1.1" 200 927 "http://172.1.31.4/search.php" "Mozilla/5.0 (Windows NT 10.0; Win64; x64; rv:67.0) Gecko/20100101 Firefox/67.0"
172.31.100.103 - - [07/Jun/2019:18:35:04 +0000] "POST /delete.php HTTP/1.1" 200 909 "http://172.1.31.4/delete.php" "Mozilla/5.0 (Windows NT 10.0; Win64; x64; rv:67.0) Gecko/20100101 Firefox/67.0"
172.31.100.101 - - [07/Jun/2019:18:35:05 +0000] "GET / HTTP/1.1" 200 1056 "-" "Mozilla/5.0 (Macintosh; Intel Mac OS X 10_14_5) AppleWebKit/537.36 (KHTML, like Gecko) Chrome/74.0.3729.169 Safari/537.36"
172.31.100.102 - - [07/Jun/2019:18:35:06 +0000] "GET /delete.php HTTP/1.1" 200 913 "http://172.1.31.4/search.php" "Mozilla/5.0 (Windows NT 10.0; Win64; x64; rv:67.0) Gecko/20100101 Firefox/67.0"
172.31.100.103 - - [07/Jun/2019:18:35:06 +0000] "GET /search.php HTTP/1.1" 200 917 "http://172.1.31.4/delete.php" "Mozilla/5.0 (Windows NT 10.0; Win64; x64; rv:67.0) Gecko/20100101 Firefox/67.0"
172.31.100.101 - - [07/Jun/2019:18:35:06 +0000] "GET / HTTP/1.1" 200 1056 "-" "Mozilla/5.0 (Macintosh; Intel Mac OS X 10_14_5) AppleWebKit/537.36 (KHTML, like Gecko) Chrome/74.0.3729.169 Safari/537.36"
172.31.100.101 - - [07/Jun/2019:18:35:07 +0000] "HEAD /assets/img/logo-en@2x.png HTTP/1.1" 404 158 "http://172.1.31.4/" "Mozilla/5.0 (Macintosh; Intel Mac OS X 10_14_5) AppleWebKit/537.36 (KHTML, like Gecko) Chrome/74.0.3729.169 Safari/537.36"
172.31.100.103 - - [07/Jun/2019:18:35:09 +0000] "POST /search.php HTTP/1.1" 200 917 "http://172.1.31.4/search.php" "Mozilla/5.0 (Windows NT 10.0; Win64; x64; rv:67.0) Gecko/20100101 Firefox/67.0"
172.31.100.102 - - [07/Jun/2019:18:35:13 +0000] "POST /delete.php HTTP/1.1" 200 914 "http://172.1.31.4/delete.php" "Mozilla/5.0 (Windows NT 10.0; Win64; x64; rv:67.0) Gecko/20100101 Firefox/67.0"
172.31.100.103 - - [07/Jun/2019:18:35:14 +0000] "POST /search.php HTTP/1.1" 200 919 "http://172.1.31.4/search.php" "Mozilla/5.0 (Windows NT 10.0; Win64; x64; rv:67.0) Gecko/20100101 Firefox/67.0"
172.31.100.102 - - [07/Jun/2019:18:35:17 +0000] "GET /search.php HTTP/1.1" 200 917 "http://172.1.31.4/delete.php" "Mozilla/5.0 (Windows NT 10.0; Win64; x64; rv:67.0) Gecko/20100101 Firefox/67.0"
172.31.100.101 - - [07/Jun/2019:18:35:19 +0000] "GET /?file=index.phpo HTTP/1.1" 200 1056 "-" "Mozilla/5.0 (Macintosh; Intel Mac OS X 10_14_5) AppleWebKit/537.36 (KHTML, like Gecko) Chrome/74.0.3729.169 Safari/537.36"
172.31.100.102 - - [07/Jun/2019:18:35:24 +0000] "POST /search.php HTTP/1.1" 200 919 "http://172.1.31.4/search.php" "Mozilla/5.0 (Windows NT 10.0; Win64; x64; rv:67.0) Gecko/20100101 Firefox/67.0"
172.31.100.103 - - [07/Jun/2019:18:35:31 +0000] "GET /assets/css/bootstrap.css.map HTTP/1.1" 404 480 "-" "Mozilla/5.0 (Windows NT 10.0; Win64; x64; rv:67.0) Gecko/20100101 Firefox/67.0"
172.31.100.101 - - [07/Jun/2019:18:35:38 +0000] "GET /?file=delete.php HTTP/1.1" 200 1199 "-" "Mozilla/5.0 (Macintosh; Intel Mac OS X 10_14_5) AppleWebKit/537.36 (KHTML, like Gecko) Chrome/74.0.3729.169 Safari/537.36"
172.31.100.101 - - [07/Jun/2019:18:35:39 +0000] "HEAD /assets/img/logo-en@2x.png HTTP/1.1" 404 158 "http://172.1.31.4/?file=delete.php" "Mozilla/5.0 (Macintosh; Intel Mac OS X 10_14_5) AppleWebKit/537.36 (KHTML, like Gecko) Chrome/74.0.3729.169 Safari/537.36"
172.31.100.101 - - [07/Jun/2019:18:35:39 +0000] "HEAD /assets/img/logo-en@2x.png HTTP/1.1" 404 158 "http://172.1.31.4/?file=delete.php" "Mozilla/5.0 (Macintosh; Intel Mac OS X 10_14_5) AppleWebKit/537.36 (KHTML, like Gecko) Chrome/74.0.3729.169 Safari/537.36"
172.31.100.103 - - [07/Jun/2019:18:36:00 +0000] "GET /search.php?php://filter/read=convert.base64-encode/resource=index.php HTTP/1.1" 200 917 "-" "Mozilla/5.0 (Windows NT 10.0; Win64; x64; rv:67.0) Gecko/20100101 Firefox/67.0"
172.31.100.103 - - [07/Jun/2019:18:36:00 +0000] "GET /assets/css/bootstrap.css.map HTTP/1.1" 404 480 "-" "Mozilla/5.0 (Windows NT 10.0; Win64; x64; rv:67.0) Gecko/20100101 Firefox/67.0"
172.31.100.101 - - [07/Jun/2019:18:36:06 +0000] "GET /?file=php://filter/convert.base64-encode/resource=index.php HTTP/1.1" 200 2576 "-" "Mozilla/5.0 (Macintosh; Intel Mac OS X 10_14_5) AppleWebKit/537.36 (KHTML, like Gecko) Chrome/74.0.3729.169 Safari/537.36"
172.31.100.101 - - [07/Jun/2019:18:36:06 +0000] "HEAD /assets/img/logo-en@2x.png HTTP/1.1" 404 158 "http://172.1.31.4/?file=php://filter/convert.base64-encode/resource=index.php" "Mozilla/5.0 (Macintosh; Intel Mac OS X 10_14_5) AppleWebKit/537.36 (KHTML, like Gecko) Chrome/74.0.3729.169 Safari/537.36"
172.31.100.103 - - [07/Jun/2019:18:36:06 +0000] "GET / HTTP/1.1" 200 1056 "-" "Mozilla/5.0 (Windows NT 10.0; Win64; x64; rv:67.0) Gecko/20100101 Firefox/67.0"
172.31.100.103 - - [07/Jun/2019:18:36:06 +0000] "HEAD /assets/img/logo-en@2x.png HTTP/1.1" 404 158 "http://172.1.31.4/" "Mozilla/5.0 (Windows NT 10.0; Win64; x64; rv:67.0) Gecko/20100101 Firefox/67.0"
172.31.100.103 - - [07/Jun/2019:18:36:06 +0000] "GET /assets/css/bootstrap.css.map HTTP/1.1" 404 480 "-" "Mozilla/5.0 (Windows NT 10.0; Win64; x64; rv:67.0) Gecko/20100101 Firefox/67.0"
172.31.100.103 - - [07/Jun/2019:18:36:28 +0000] "GET /file=php://filter/read=convert.base64-encode/resource=index.php HTTP/1.1" 404 515 "-" "Mozilla/5.0 (Windows NT 10.0; Win64; x64; rv:67.0) Gecko/20100101 Firefox/67.0"
172.31.100.103 - - [07/Jun/2019:18:36:35 +0000] "HEAD /assets/img/logo-en@2x.png HTTP/1.1" 404 158 "http://172.1.31.4/" "Mozilla/5.0 (Windows NT 10.0; Win64; x64; rv:67.0) Gecko/20100101 Firefox/67.0"
172.31.100.103 - - [07/Jun/2019:18:36:35 +0000] "GET /assets/css/bootstrap.css.map HTTP/1.1" 404 480 "-" "Mozilla/5.0 (Windows NT 10.0; Win64; x64; rv:67.0) Gecko/20100101 Firefox/67.0"
172.31.100.103 - - [07/Jun/2019:18:36:53 +0000] "GET /?file=php://filter/read=convert.base64-encode/resource=search.php HTTP/1.1" 200 2946 "-" "Mozilla/5.0 (Windows NT 10.0; Win64; x64; rv:67.0) Gecko/20100101 Firefox/67.0"
172.31.100.103 - - [07/Jun/2019:18:36:53 +0000] "HEAD /assets/img/logo-en@2x.png HTTP/1.1" 404 158 "http://172.1.31.4/?file=php://filter/read=convert.base64-encode/resource=search.php" "Mozilla/5.0 (Windows NT 10.0; Win64; x64; rv:67.0) Gecko/20100101 Firefox/67.0"
172.31.100.103 - - [07/Jun/2019:18:36:54 +0000] "GET /assets/css/bootstrap.css.map HTTP/1.1" 404 480 "-" "Mozilla/5.0 (Windows NT 10.0; Win64; x64; rv:67.0) Gecko/20100101 Firefox/67.0"
172.31.100.101 - - [07/Jun/2019:18:37:26 +0000] "GET /?file=php://filter/convert.base64-encode/resource=hint.php HTTP/1.1" 200 1108 "-" "Mozilla/5.0 (Macintosh; Intel Mac OS X 10_14_5) AppleWebKit/537.36 (KHTML, like Gecko) Chrome/74.0.3729.169 Safari/537.36"
172.31.100.101 - - [07/Jun/2019:18:37:26 +0000] "HEAD /assets/img/logo-en@2x.png HTTP/1.1" 404 158 "http://172.1.31.4/?file=php://filter/convert.base64-encode/resource=hint.php" "Mozilla/5.0 (Macintosh; Intel Mac OS X 10_14_5) AppleWebKit/537.36 (KHTML, like Gecko) Chrome/74.0.3729.169 Safari/537.36"
172.31.100.101 - - [07/Jun/2019:18:37:39 +0000] "GET /?file=php://filter/convert.base64-encode/resource=config.php HTTP/1.1" 200 1310 "-" "Mozilla/5.0 (Macintosh; Intel Mac OS X 10_14_5) AppleWebKit/537.36 (KHTML, like Gecko) Chrome/74.0.3729.169 Safari/537.36"
172.31.100.101 - - [07/Jun/2019:18:37:40 +0000] "HEAD /assets/img/logo-en@2x.png HTTP/1.1" 404 158 "http://172.1.31.4/?file=php://filter/convert.base64-encode/resource=config.php" "Mozilla/5.0 (Macintosh; Intel Mac OS X 10_14_5) AppleWebKit/537.36 (KHTML, like Gecko) Chrome/74.0.3729.169 Safari/537.36"
172.31.100.102 - - [07/Jun/2019:18:38:34 +0000] "GET /assets/css/bootstrap.css.map HTTP/1.1" 404 480 "-" "Mozilla/5.0 (Windows NT 10.0; Win64; x64; rv:67.0) Gecko/20100101 Firefox/67.0"
172.31.100.103 - - [07/Jun/2019:18:39:01 +0000] "GET /?file=php://filter/read=convert.base64-encode/resource=config.php HTTP/1.1" 200 1310 "-" "Mozilla/5.0 (Windows NT 10.0; Win64; x64; rv:67.0) Gecko/20100101 Firefox/67.0"
172.31.100.103 - - [07/Jun/2019:18:39:02 +0000] "HEAD /assets/img/logo-en@2x.png HTTP/1.1" 404 158 "http://172.1.31.4/?file=php://filter/read=convert.base64-encode/resource=config.php" "Mozilla/5.0 (Windows NT 10.0; Win64; x64; rv:67.0) Gecko/20100101 Firefox/67.0"
172.31.100.103 - - [07/Jun/2019:18:39:02 +0000] "GET /assets/css/bootstrap.css.map HTTP/1.1" 404 480 "-" "Mozilla/5.0 (Windows NT 10.0; Win64; x64; rv:67.0) Gecko/20100101 Firefox/67.0"
172.31.100.102 - - [07/Jun/2019:18:39:10 +0000] "GET /assets/js/jquery-1.10.2.min.map HTTP/1.1" 404 483 "-" "Mozilla/5.0 (Windows NT 10.0; Win64; x64; rv:67.0) Gecko/20100101 Firefox/67.0"
172.31.100.101 - - [07/Jun/2019:18:40:46 +0000] "GET /?file=php://filter/convert.base64-encode/resource=delete.php HTTP/1.1" 200 2941 "-" "Mozilla/5.0 (Macintosh; Intel Mac OS X 10_14_5) AppleWebKit/537.36 (KHTML, like Gecko) Chrome/74.0.3729.169 Safari/537.36"
172.31.100.101 - - [07/Jun/2019:18:40:46 +0000] "HEAD /assets/img/logo-en@2x.png HTTP/1.1" 404 158 "http://172.1.31.4/?file=php://filter/convert.base64-encode/resource=delete.php" "Mozilla/5.0 (Macintosh; Intel Mac OS X 10_14_5) AppleWebKit/537.36 (KHTML, like Gecko) Chrome/74.0.3729.169 Safari/537.36"
172.31.100.103 - - [07/Jun/2019:18:41:50 +0000] "GET /?file=php://filter/read=convert.base64-encode/resource=search.php HTTP/1.1" 200 2946 "-" "Mozilla/5.0 (Windows NT 10.0; Win64; x64; rv:67.0) Gecko/20100101 Firefox/67.0"
172.31.100.103 - - [07/Jun/2019:18:41:50 +0000] "HEAD /assets/img/logo-en@2x.png HTTP/1.1" 404 158 "http://172.1.31.4/?file=php://filter/read=convert.base64-encode/resource=search.php" "Mozilla/5.0 (Windows NT 10.0; Win64; x64; rv:67.0) Gecko/20100101 Firefox/67.0"
172.31.100.103 - - [07/Jun/2019:18:41:50 +0000] "GET /assets/css/bootstrap.css.map HTTP/1.1" 404 480 "-" "Mozilla/5.0 (Windows NT 10.0; Win64; x64; rv:67.0) Gecko/20100101 Firefox/67.0"
172.31.100.101 - - [07/Jun/2019:18:42:59 +0000] "GET /?file=php://filter/convert.base64-encode/resource=search.php HTTP/1.1" 200 2946 "-" "Mozilla/5.0 (Macintosh; Intel Mac OS X 10_14_5) AppleWebKit/537.36 (KHTML, like Gecko) Chrome/74.0.3729.169 Safari/537.36"
172.31.100.101 - - [07/Jun/2019:18:42:59 +0000] "HEAD /assets/img/logo-en@2x.png HTTP/1.1" 404 158 "http://172.1.31.4/?file=php://filter/convert.base64-encode/resource=search.php" "Mozilla/5.0 (Macintosh; Intel Mac OS X 10_14_5) AppleWebKit/537.36 (KHTML, like Gecko) Chrome/74.0.3729.169 Safari/537.36"
172.31.100.101 - - [07/Jun/2019:18:43:46 +0000] "GET /?file=php://filter/convert.base64-encode/resource=change.php HTTP/1.1" 200 2999 "-" "Mozilla/5.0 (Macintosh; Intel Mac OS X 10_14_5) AppleWebKit/537.36 (KHTML, like Gecko) Chrome/74.0.3729.169 Safari/537.36"
172.31.100.101 - - [07/Jun/2019:18:43:46 +0000] "HEAD /assets/img/logo-en@2x.png HTTP/1.1" 404 158 "http://172.1.31.4/?file=php://filter/convert.base64-encode/resource=change.php" "Mozilla/5.0 (Macintosh; Intel Mac OS X 10_14_5) AppleWebKit/537.36 (KHTML, like Gecko) Chrome/74.0.3729.169 Safari/537.36"
172.31.100.103 - - [07/Jun/2019:18:44:34 +0000] "GET / HTTP/1.1" 200 1056 "-" "Mozilla/5.0 (Windows NT 10.0; Win64; x64; rv:67.0) Gecko/20100101 Firefox/67.0"
172.31.100.103 - - [07/Jun/2019:18:44:34 +0000] "HEAD /assets/img/logo-en@2x.png HTTP/1.1" 404 158 "http://172.1.31.4/" "Mozilla/5.0 (Windows NT 10.0; Win64; x64; rv:67.0) Gecko/20100101 Firefox/67.0"
172.31.100.103 - - [07/Jun/2019:18:44:34 +0000] "GET /assets/css/bootstrap.css.map HTTP/1.1" 404 480 "-" "Mozilla/5.0 (Windows NT 10.0; Win64; x64; rv:67.0) Gecko/20100101 Firefox/67.0"
172.31.100.103 - - [07/Jun/2019:18:44:41 +0000] "GET /search.php HTTP/1.1" 200 917 "http://172.1.31.4/" "Mozilla/5.0 (Windows NT 10.0; Win64; x64; rv:67.0) Gecko/20100101 Firefox/67.0"
172.31.100.103 - - [07/Jun/2019:18:44:43 +0000] "GET /change.php HTTP/1.1" 200 916 "http://172.1.31.4/search.php" "Mozilla/5.0 (Windows NT 10.0; Win64; x64; rv:67.0) Gecko/20100101 Firefox/67.0"
172.31.100.103 - - [07/Jun/2019:18:44:45 +0000] "HEAD /assets/img/logo-en@2x.png HTTP/1.1" 404 158 "http://172.1.31.4/" "Mozilla/5.0 (Windows NT 10.0; Win64; x64; rv:67.0) Gecko/20100101 Firefox/67.0"
172.31.100.103 - - [07/Jun/2019:18:44:45 +0000] "HEAD /assets/img/logo-en@2x.png HTTP/1.1" 404 158 "http://172.1.31.4/?file=php://filter/read=convert.base64-encode/resource=search.php" "Mozilla/5.0 (Windows NT 10.0; Win64; x64; rv:67.0) Gecko/20100101 Firefox/67.0"
172.31.100.103 - - [07/Jun/2019:18:44:51 +0000] "GET /?file=php://filter/read=convert.base64-encode/resource=chenge.php HTTP/1.1" 200 1056 "-" "Mozilla/5.0 (Windows NT 10.0; Win64; x64; rv:67.0) Gecko/20100101 Firefox/67.0"
172.31.100.103 - - [07/Jun/2019:18:44:51 +0000] "HEAD /assets/img/logo-en@2x.png HTTP/1.1" 404 158 "http://172.1.31.4/?file=php://filter/read=convert.base64-encode/resource=chenge.php" "Mozilla/5.0 (Windows NT 10.0; Win64; x64; rv:67.0) Gecko/20100101 Firefox/67.0"
172.31.100.103 - - [07/Jun/2019:18:44:56 +0000] "GET /change.php HTTP/1.1" 200 916 "http://172.1.31.4/?file=php://filter/read=convert.base64-encode/resource=chenge.php" "Mozilla/5.0 (Windows NT 10.0; Win64; x64; rv:67.0) Gecko/20100101 Firefox/67.0"
172.31.100.103 - - [07/Jun/2019:18:44:58 +0000] "HEAD /assets/img/logo-en@2x.png HTTP/1.1" 404 158 "http://172.1.31.4/?file=php://filter/read=convert.base64-encode/resource=chenge.php" "Mozilla/5.0 (Windows NT 10.0; Win64; x64; rv:67.0) Gecko/20100101 Firefox/67.0"
172.31.100.103 - - [07/Jun/2019:18:45:00 +0000] "GET /?file=php://filter/read=convert.base64-encode/resource=change.php HTTP/1.1" 200 2999 "-" "Mozilla/5.0 (Windows NT 10.0; Win64; x64; rv:67.0) Gecko/20100101 Firefox/67.0"
172.31.100.103 - - [07/Jun/2019:18:45:00 +0000] "HEAD /assets/img/logo-en@2x.png HTTP/1.1" 404 158 "http://172.1.31.4/?file=php://filter/read=convert.base64-encode/resource=change.php" "Mozilla/5.0 (Windows NT 10.0; Win64; x64; rv:67.0) Gecko/20100101 Firefox/67.0"
172.31.100.101 - - [07/Jun/2019:18:46:30 +0000] "GET /delete.php HTTP/1.1" 200 913 "http://172.1.31.4/search.php" "Mozilla/5.0 (Macintosh; Intel Mac OS X 10_14_5) AppleWebKit/537.36 (KHTML, like Gecko) Chrome/74.0.3729.169 Safari/537.36"
172.31.100.101 - - [07/Jun/2019:18:46:32 +0000] "GET /search.php HTTP/1.1" 200 917 "http://172.1.31.4/delete.php" "Mozilla/5.0 (Macintosh; Intel Mac OS X 10_14_5) AppleWebKit/537.36 (KHTML, like Gecko) Chrome/74.0.3729.169 Safari/537.36"
172.31.100.101 - - [07/Jun/2019:18:46:33 +0000] "GET /delete.php HTTP/1.1" 200 913 "http://172.1.31.4/search.php" "Mozilla/5.0 (Macintosh; Intel Mac OS X 10_14_5) AppleWebKit/537.36 (KHTML, like Gecko) Chrome/74.0.3729.169 Safari/537.36"
172.31.100.101 - - [07/Jun/2019:18:46:34 +0000] "GET /index.php HTTP/1.1" 200 1056 "http://172.1.31.4/delete.php" "Mozilla/5.0 (Macintosh; Intel Mac OS X 10_14_5) AppleWebKit/537.36 (KHTML, like Gecko) Chrome/74.0.3729.169 Safari/537.36"
172.31.100.101 - - [07/Jun/2019:18:46:35 +0000] "HEAD /assets/img/logo-en@2x.png HTTP/1.1" 404 158 "http://172.1.31.4/index.php" "Mozilla/5.0 (Macintosh; Intel Mac OS X 10_14_5) AppleWebKit/537.36 (KHTML, like Gecko) Chrome/74.0.3729.169 Safari/537.36"
172.31.100.101 - - [07/Jun/2019:18:47:05 +0000] "GET /search.php HTTP/1.1" 200 917 "http://172.1.31.4/index.php" "Mozilla/5.0 (Macintosh; Intel Mac OS X 10_14_5) AppleWebKit/537.36 (KHTML, like Gecko) Chrome/74.0.3729.169 Safari/537.36"
172.31.100.101 - - [07/Jun/2019:18:47:34 +0000] "POST /search.php HTTP/1.1" 200 919 "-" "PostmanRuntime/7.6.0"
172.31.100.101 - - [07/Jun/2019:18:47:37 +0000] "POST /search.php HTTP/1.1" 200 919 "-" "PostmanRuntime/7.6.0"
172.31.100.103 - - [07/Jun/2019:18:47:40 +0000] "GET /delete.php HTTP/1.1" 200 913 "http://172.1.31.4/?file=php://filter/read=convert.base64-encode/resource=change.php" "Mozilla/5.0 (Windows NT 10.0; Win64; x64; rv:67.0) Gecko/20100101 Firefox/67.0"
172.31.100.103 - - [07/Jun/2019:18:47:42 +0000] "HEAD /assets/img/logo-en@2x.png HTTP/1.1" 404 158 "http://172.1.31.4/?file=php://filter/read=convert.base64-encode/resource=change.php" "Mozilla/5.0 (Windows NT 10.0; Win64; x64; rv:67.0) Gecko/20100101 Firefox/67.0"
172.31.100.103 - - [07/Jun/2019:18:47:46 +0000] "GET /?file=php://filter/read=convert.base64-encode/resource=delete.php HTTP/1.1" 200 2941 "-" "Mozilla/5.0 (Windows NT 10.0; Win64; x64; rv:67.0) Gecko/20100101 Firefox/67.0"
172.31.100.103 - - [07/Jun/2019:18:47:46 +0000] "HEAD /assets/img/logo-en@2x.png HTTP/1.1" 404 158 "http://172.1.31.4/?file=php://filter/read=convert.base64-encode/resource=delete.php" "Mozilla/5.0 (Windows NT 10.0; Win64; x64; rv:67.0) Gecko/20100101 Firefox/67.0"
172.31.100.101 - - [07/Jun/2019:18:47:54 +0000] "POST /search.php HTTP/1.1" 200 919 "-" "PostmanRuntime/7.6.0"
172.31.100.101 - - [07/Jun/2019:18:48:10 +0000] "POST /search.php HTTP/1.1" 200 919 "-" "PostmanRuntime/7.6.0"
172.31.100.101 - - [07/Jun/2019:18:49:13 +0000] "POST /search.php HTTP/1.1" 200 919 "-" "PostmanRuntime/7.6.0"
172.31.100.101 - - [07/Jun/2019:18:49:21 +0000] "POST /search.php HTTP/1.1" 200 958 "-" "PostmanRuntime/7.6.0"
172.31.100.101 - - [07/Jun/2019:18:49:49 +0000] "POST /search.php HTTP/1.1" 200 919 "-" "PostmanRuntime/7.6.0"
172.31.100.101 - - [07/Jun/2019:18:50:48 +0000] "POST /search.php HTTP/1.1" 200 958 "-" "PostmanRuntime/7.6.0"
172.31.100.103 - - [07/Jun/2019:18:51:03 +0000] "GET /search.php HTTP/1.1" 200 917 "http://172.1.31.4/?file=php://filter/read=convert.base64-encode/resource=delete.php" "Mozilla/5.0 (Windows NT 10.0; Win64; x64; rv:67.0) Gecko/20100101 Firefox/67.0"
172.31.100.103 - - [07/Jun/2019:18:51:05 +0000] "HEAD /assets/img/logo-en@2x.png HTTP/1.1" 404 158 "http://172.1.31.4/?file=php://filter/read=convert.base64-encode/resource=delete.php" "Mozilla/5.0 (Windows NT 10.0; Win64; x64; rv:67.0) Gecko/20100101 Firefox/67.0"
172.31.100.101 - - [07/Jun/2019:18:51:11 +0000] "POST /search.php HTTP/1.1" 200 919 "-" "PostmanRuntime/7.6.0"
172.31.100.101 - - [07/Jun/2019:18:51:16 +0000] "POST /search.php HTTP/1.1" 200 958 "-" "PostmanRuntime/7.6.0"
172.31.100.103 - - [07/Jun/2019:18:51:17 +0000] "GET / HTTP/1.1" 200 1056 "-" "Mozilla/5.0 (Windows NT 10.0; Win64; x64; rv:67.0) Gecko/20100101 Firefox/67.0"
172.31.100.103 - - [07/Jun/2019:18:51:17 +0000] "HEAD /assets/img/logo-en@2x.png HTTP/1.1" 404 158 "http://172.1.31.4/" "Mozilla/5.0 (Windows NT 10.0; Win64; x64; rv:67.0) Gecko/20100101 Firefox/67.0"
172.31.100.103 - - [07/Jun/2019:18:51:19 +0000] "GET /assets/css/bootstrap.css.map HTTP/1.1" 404 480 "-" "Mozilla/5.0 (Windows NT 10.0; Win64; x64; rv:67.0) Gecko/20100101 Firefox/67.0"
172.31.100.103 - - [07/Jun/2019:18:51:22 +0000] "GET /change.php HTTP/1.1" 200 916 "http://172.1.31.4/" "Mozilla/5.0 (Windows NT 10.0; Win64; x64; rv:67.0) Gecko/20100101 Firefox/67.0"
172.31.100.103 - - [07/Jun/2019:18:51:22 +0000] "GET /assets/css/bootstrap.css.map HTTP/1.1" 404 480 "-" "Mozilla/5.0 (Windows NT 10.0; Win64; x64; rv:67.0) Gecko/20100101 Firefox/67.0"
172.31.100.103 - - [07/Jun/2019:18:51:25 +0000] "GET /index.php HTTP/1.1" 200 1056 "http://172.1.31.4/change.php" "Mozilla/5.0 (Windows NT 10.0; Win64; x64; rv:67.0) Gecko/20100101 Firefox/67.0"
172.31.100.103 - - [07/Jun/2019:18:51:25 +0000] "HEAD /assets/img/logo-en@2x.png HTTP/1.1" 404 158 "http://172.1.31.4/index.php" "Mozilla/5.0 (Windows NT 10.0; Win64; x64; rv:67.0) Gecko/20100101 Firefox/67.0"
172.31.100.103 - - [07/Jun/2019:18:51:26 +0000] "GET /assets/css/bootstrap.css.map HTTP/1.1" 404 480 "-" "Mozilla/5.0 (Windows NT 10.0; Win64; x64; rv:67.0) Gecko/20100101 Firefox/67.0"
172.31.100.103 - - [07/Jun/2019:18:51:40 +0000] "GET /assets/css/bootstrap.css.map HTTP/1.1" 404 480 "-" "Mozilla/5.0 (Windows NT 10.0; Win64; x64; rv:67.0) Gecko/20100101 Firefox/67.0"
172.31.100.103 - - [07/Jun/2019:18:51:40 +0000] "HEAD /assets/img/logo-en@2x.png HTTP/1.1" 404 158 "http://172.1.31.4/" "Mozilla/5.0 (Windows NT 10.0; Win64; x64; rv:67.0) Gecko/20100101 Firefox/67.0"
172.31.100.103 - - [07/Jun/2019:18:51:40 +0000] "GET /assets/css/bootstrap.css.map HTTP/1.1" 404 480 "-" "Mozilla/5.0 (Windows NT 10.0; Win64; x64; rv:67.0) Gecko/20100101 Firefox/67.0"
172.31.100.103 - - [07/Jun/2019:18:51:41 +0000] "HEAD /assets/img/logo-en@2x.png HTTP/1.1" 404 158 "http://172.1.31.4/?file=php://filter/read=convert.base64-encode/resource=delete.php" "Mozilla/5.0 (Windows NT 10.0; Win64; x64; rv:67.0) Gecko/20100101 Firefox/67.0"
172.31.100.103 - - [07/Jun/2019:18:51:41 +0000] "GET /assets/css/bootstrap.css.map HTTP/1.1" 404 480 "-" "Mozilla/5.0 (Windows NT 10.0; Win64; x64; rv:67.0) Gecko/20100101 Firefox/67.0"
172.31.100.103 - - [07/Jun/2019:18:51:45 +0000] "GET /?file=php://filter/read=convert.base64-encode/resource=index.php HTTP/1.1" 200 2576 "-" "Mozilla/5.0 (Windows NT 10.0; Win64; x64; rv:67.0) Gecko/20100101 Firefox/67.0"
172.31.100.103 - - [07/Jun/2019:18:51:45 +0000] "HEAD /assets/img/logo-en@2x.png HTTP/1.1" 404 158 "http://172.1.31.4/?file=php://filter/read=convert.base64-encode/resource=index.php" "Mozilla/5.0 (Windows NT 10.0; Win64; x64; rv:67.0) Gecko/20100101 Firefox/67.0"
172.31.100.103 - - [07/Jun/2019:18:51:45 +0000] "GET /assets/css/bootstrap.css.map HTTP/1.1" 404 480 "-" "Mozilla/5.0 (Windows NT 10.0; Win64; x64; rv:67.0) Gecko/20100101 Firefox/67.0"
172.31.100.101 - - [07/Jun/2019:18:52:17 +0000] "POST /search.php HTTP/1.1" 200 958 "-" "PostmanRuntime/7.6.0"
172.31.100.101 - - [07/Jun/2019:18:52:19 +0000] "POST /search.php HTTP/1.1" 200 958 "-" "PostmanRuntime/7.6.0"
172.31.100.101 - - [07/Jun/2019:18:52:24 +0000] "POST /search.php HTTP/1.1" 200 919 "-" "PostmanRuntime/7.6.0"
172.31.100.101 - - [07/Jun/2019:18:52:30 +0000] "POST /search.php HTTP/1.1" 200 958 "-" "PostmanRuntime/7.6.0"
172.31.100.101 - - [07/Jun/2019:18:52:40 +0000] "POST /search.php HTTP/1.1" 200 919 "-" "PostmanRuntime/7.6.0"
172.31.100.101 - - [07/Jun/2019:18:52:50 +0000] "POST /search.php HTTP/1.1" 200 919 "-" "PostmanRuntime/7.6.0"
172.31.100.101 - - [07/Jun/2019:18:52:56 +0000] "POST /search.php HTTP/1.1" 200 919 "-" "PostmanRuntime/7.6.0"
172.31.100.101 - - [07/Jun/2019:18:53:09 +0000] "POST /search.php HTTP/1.1" 200 958 "-" "PostmanRuntime/7.6.0"
172.31.100.103 - - [07/Jun/2019:18:54:04 +0000] "GET /?file=php://filter/read=convert.base64-encode/resource=hint.php HTTP/1.1" 200 1108 "-" "Mozilla/5.0 (Windows NT 10.0; Win64; x64; rv:67.0) Gecko/20100101 Firefox/67.0"
172.31.100.103 - - [07/Jun/2019:18:54:04 +0000] "HEAD /assets/img/logo-en@2x.png HTTP/1.1" 404 158 "http://172.1.31.4/?file=php://filter/read=convert.base64-encode/resource=hint.php" "Mozilla/5.0 (Windows NT 10.0; Win64; x64; rv:67.0) Gecko/20100101 Firefox/67.0"
172.31.100.103 - - [07/Jun/2019:18:54:04 +0000] "GET /assets/css/bootstrap.css.map HTTP/1.1" 404 480 "-" "Mozilla/5.0 (Windows NT 10.0; Win64; x64; rv:67.0) Gecko/20100101 Firefox/67.0"
172.31.100.103 - - [07/Jun/2019:18:54:44 +0000] "GET /?file=php://filter/read=resource=hint.php HTTP/1.1" 200 187 "-" "Mozilla/5.0 (Windows NT 10.0; Win64; x64; rv:67.0) Gecko/20100101 Firefox/67.0"
172.31.100.103 - - [07/Jun/2019:18:54:47 +0000] "HEAD /assets/img/logo-en@2x.png HTTP/1.1" 404 158 "http://172.1.31.4/?file=php://filter/read=convert.base64-encode/resource=hint.php" "Mozilla/5.0 (Windows NT 10.0; Win64; x64; rv:67.0) Gecko/20100101 Firefox/67.0"
172.31.100.103 - - [07/Jun/2019:18:54:47 +0000] "GET /assets/css/bootstrap.css.map HTTP/1.1" 404 480 "-" "Mozilla/5.0 (Windows NT 10.0; Win64; x64; rv:67.0) Gecko/20100101 Firefox/67.0"
172.31.100.101 - - [07/Jun/2019:18:55:42 +0000] "POST /search.php HTTP/1.1" 200 958 "-" "PostmanRuntime/7.6.0"
172.31.100.101 - - [07/Jun/2019:18:55:52 +0000] "POST /search.php HTTP/1.1" 200 919 "-" "PostmanRuntime/7.6.0"
172.31.100.103 - - [07/Jun/2019:18:59:09 +0000] "GET /?file=php://filter/read=convert.base64-encode/resource=index.php HTTP/1.1" 200 2576 "-" "Mozilla/5.0 (Windows NT 10.0; Win64; x64; rv:67.0) Gecko/20100101 Firefox/67.0"
172.31.100.103 - - [07/Jun/2019:18:59:10 +0000] "HEAD /assets/img/logo-en@2x.png HTTP/1.1" 404 158 "http://172.1.31.4/?file=php://filter/read=convert.base64-encode/resource=index.php" "Mozilla/5.0 (Windows NT 10.0; Win64; x64; rv:67.0) Gecko/20100101 Firefox/67.0"
172.31.100.103 - - [07/Jun/2019:18:59:10 +0000] "GET /assets/css/bootstrap.css.map HTTP/1.1" 404 480 "-" "Mozilla/5.0 (Windows NT 10.0; Win64; x64; rv:67.0) Gecko/20100101 Firefox/67.0"
172.31.100.103 - - [07/Jun/2019:18:59:41 +0000] "GET /?file=php://filter/read=convert.base64-encode/resource=confirm.php HTTP/1.1" 200 2812 "-" "Mozilla/5.0 (Windows NT 10.0; Win64; x64; rv:67.0) Gecko/20100101 Firefox/67.0"
172.31.100.103 - - [07/Jun/2019:18:59:41 +0000] "HEAD /assets/img/logo-en@2x.png HTTP/1.1" 404 158 "http://172.1.31.4/?file=php://filter/read=convert.base64-encode/resource=confirm.php" "Mozilla/5.0 (Windows NT 10.0; Win64; x64; rv:67.0) Gecko/20100101 Firefox/67.0"
172.31.100.103 - - [07/Jun/2019:18:59:42 +0000] "GET /assets/css/bootstrap.css.map HTTP/1.1" 404 480 "-" "Mozilla/5.0 (Windows NT 10.0; Win64; x64; rv:67.0) Gecko/20100101 Firefox/67.0"
172.31.100.103 - - [07/Jun/2019:19:00:49 +0000] "GET /?file=php://filter/read=convert.base64-encode/resource=patch.md HTTP/1.1" 200 1056 "-" "Mozilla/5.0 (Windows NT 10.0; Win64; x64; rv:67.0) Gecko/20100101 Firefox/67.0"
172.31.100.103 - - [07/Jun/2019:19:00:49 +0000] "HEAD /assets/img/logo-en@2x.png HTTP/1.1" 404 158 "http://172.1.31.4/?file=php://filter/read=convert.base64-encode/resource=patch.md" "Mozilla/5.0 (Windows NT 10.0; Win64; x64; rv:67.0) Gecko/20100101 Firefox/67.0"
172.31.100.103 - - [07/Jun/2019:19:00:49 +0000] "GET /assets/css/bootstrap.css.map HTTP/1.1" 404 480 "-" "Mozilla/5.0 (Windows NT 10.0; Win64; x64; rv:67.0) Gecko/20100101 Firefox/67.0"
172.31.100.101 - - [07/Jun/2019:19:01:37 +0000] "GET /patch.md HTTP/1.1" 404 460 "-" "curl/7.54.0"
172.31.100.101 - - [07/Jun/2019:19:01:48 +0000] "GET /WriteUp.docx HTTP/1.1" 404 464 "-" "curl/7.54.0"
172.31.100.101 - - [07/Jun/2019:19:05:23 +0000] "POST /change.php HTTP/1.1" 200 916 "-" "PostmanRuntime/7.6.0"
172.31.100.101 - - [07/Jun/2019:19:05:57 +0000] "POST /change.php HTTP/1.1" 200 920 "-" "PostmanRuntime/7.6.0"
172.31.100.101 - - [07/Jun/2019:19:06:25 +0000] "POST /change.php HTTP/1.1" 200 920 "-" "PostmanRuntime/7.6.0"
172.31.100.101 - - [07/Jun/2019:19:06:39 +0000] "POST /change.php HTTP/1.1" 200 914 "-" "PostmanRuntime/7.6.0"
172.31.100.101 - - [07/Jun/2019:19:06:43 +0000] "POST /change.php HTTP/1.1" 200 914 "-" "PostmanRuntime/7.6.0"
172.31.100.101 - - [07/Jun/2019:19:07:52 +0000] "POST /change.php HTTP/1.1" 200 914 "-" "PostmanRuntime/7.6.0"
172.31.100.101 - - [07/Jun/2019:19:07:55 +0000] "POST /change.php HTTP/1.1" 200 224 "-" "PostmanRuntime/7.6.0"
172.31.100.101 - - [07/Jun/2019:19:10:36 +0000] "POST /confirm.php HTTP/1.1" 200 851 "-" "PostmanRuntime/7.6.0"
172.31.100.101 - - [07/Jun/2019:19:11:53 +0000] "POST /change.php HTTP/1.1" 200 914 "-" "PostmanRuntime/7.6.0"
172.31.100.101 - - [07/Jun/2019:19:11:54 +0000] "POST /change.php HTTP/1.1" 200 236 "-" "PostmanRuntime/7.6.0"
172.31.100.101 - - [07/Jun/2019:19:12:14 +0000] "POST /change.php HTTP/1.1" 200 236 "-" "PostmanRuntime/7.6.0"
172.31.100.101 - - [07/Jun/2019:19:12:20 +0000] "POST /confirm.php HTTP/1.1" 200 851 "-" "PostmanRuntime/7.6.0"
172.31.100.101 - - [07/Jun/2019:19:12:29 +0000] "POST /change.php HTTP/1.1" 200 914 "-" "PostmanRuntime/7.6.0"
172.31.100.101 - - [07/Jun/2019:19:12:29 +0000] "POST /change.php HTTP/1.1" 200 220 "-" "PostmanRuntime/7.6.0"
172.31.100.101 - - [07/Jun/2019:19:13:12 +0000] "POST /confirm.php HTTP/1.1" 200 851 "-" "PostmanRuntime/7.6.0"
172.31.100.101 - - [07/Jun/2019:19:13:54 +0000] "POST /change.php HTTP/1.1" 200 914 "-" "PostmanRuntime/7.6.0"
172.31.100.101 - - [07/Jun/2019:19:13:55 +0000] "POST /change.php HTTP/1.1" 200 218 "-" "PostmanRuntime/7.6.0"
172.31.100.101 - - [07/Jun/2019:19:14:08 +0000] "POST /confirm.php HTTP/1.1" 200 851 "-" "PostmanRuntime/7.6.0"
172.31.100.101 - - [07/Jun/2019:19:14:12 +0000] "POST /change.php HTTP/1.1" 200 914 "-" "PostmanRuntime/7.6.0"
172.31.100.101 - - [07/Jun/2019:19:14:16 +0000] "POST /change.php HTTP/1.1" 200 218 "-" "PostmanRuntime/7.6.0"
172.31.100.101 - - [07/Jun/2019:19:14:24 +0000] "POST /confirm.php HTTP/1.1" 200 851 "-" "PostmanRuntime/7.6.0"
172.31.100.101 - - [07/Jun/2019:19:14:24 +0000] "POST /confirm.php HTTP/1.1" 200 853 "-" "PostmanRuntime/7.6.0"
172.31.100.101 - - [07/Jun/2019:19:14:30 +0000] "POST /change.php HTTP/1.1" 200 914 "-" "PostmanRuntime/7.6.0"
172.31.100.101 - - [07/Jun/2019:19:15:39 +0000] "POST /confirm.php HTTP/1.1" 200 851 "-" "PostmanRuntime/7.6.0"
172.31.100.101 - - [07/Jun/2019:19:15:44 +0000] "POST /change.php HTTP/1.1" 200 914 "-" "PostmanRuntime/7.6.0"
172.31.100.101 - - [07/Jun/2019:19:15:47 +0000] "POST /change.php HTTP/1.1" 200 217 "-" "PostmanRuntime/7.6.0"
172.31.100.101 - - [07/Jun/2019:19:15:56 +0000] "POST /change.php HTTP/1.1" 200 220 "-" "PostmanRuntime/7.6.0"
172.31.100.101 - - [07/Jun/2019:19:16:06 +0000] "POST /confirm.php HTTP/1.1" 200 851 "-" "PostmanRuntime/7.6.0"
172.31.100.101 - - [07/Jun/2019:19:16:10 +0000] "POST /change.php HTTP/1.1" 200 914 "-" "PostmanRuntime/7.6.0"
172.31.100.101 - - [07/Jun/2019:19:16:11 +0000] "POST /change.php HTTP/1.1" 200 231 "-" "PostmanRuntime/7.6.0"
172.31.100.103 - - [07/Jun/2019:19:17:21 +0000] "GET / HTTP/1.1" 200 1056 "-" "Mozilla/5.0 (Windows NT 10.0; Win64; x64; rv:67.0) Gecko/20100101 Firefox/67.0"
172.31.100.103 - - [07/Jun/2019:19:17:21 +0000] "GET /assets/css/custom-animations.css HTTP/1.1" 200 918 "http://172.1.31.4/" "Mozilla/5.0 (Windows NT 10.0; Win64; x64; rv:67.0) Gecko/20100101 Firefox/67.0"
172.31.100.103 - - [07/Jun/2019:19:17:21 +0000] "GET /assets/css/bootstrap.css HTTP/1.1" 200 19818 "http://172.1.31.4/" "Mozilla/5.0 (Windows NT 10.0; Win64; x64; rv:67.0) Gecko/20100101 Firefox/67.0"
172.31.100.103 - - [07/Jun/2019:19:17:21 +0000] "GET /assets/css/style.css HTTP/1.1" 200 1711 "http://172.1.31.4/" "Mozilla/5.0 (Windows NT 10.0; Win64; x64; rv:67.0) Gecko/20100101 Firefox/67.0"
172.31.100.103 - - [07/Jun/2019:19:17:21 +0000] "HEAD /assets/img/logo-en@2x.png HTTP/1.1" 404 158 "http://172.1.31.4/" "Mozilla/5.0 (Windows NT 10.0; Win64; x64; rv:67.0) Gecko/20100101 Firefox/67.0"
172.31.100.101 - - [07/Jun/2019:19:20:34 +0000] "POST /confirm.php HTTP/1.1" 200 851 "-" "python-requests/2.22.0"
172.31.100.101 - - [07/Jun/2019:19:20:34 +0000] "POST /change.php HTTP/1.1" 200 390 "-" "python-requests/2.22.0"
172.31.100.101 - - [07/Jun/2019:19:20:49 +0000] "POST /confirm.php HTTP/1.1" 200 851 "-" "python-requests/2.22.0"
172.31.100.101 - - [07/Jun/2019:19:20:49 +0000] "POST /change.php HTTP/1.1" 200 914 "-" "python-requests/2.22.0"
172.31.100.101 - - [07/Jun/2019:19:20:49 +0000] "POST /change.php HTTP/1.1" 200 390 "-" "python-requests/2.22.0"
172.31.100.101 - - [07/Jun/2019:19:21:01 +0000] "POST /confirm.php HTTP/1.1" 200 851 "-" "python-requests/2.22.0"
172.31.100.101 - - [07/Jun/2019:19:21:01 +0000] "POST /change.php HTTP/1.1" 200 914 "-" "python-requests/2.22.0"
172.31.100.101 - - [07/Jun/2019:19:21:01 +0000] "POST /change.php HTTP/1.1" 200 224 "-" "python-requests/2.22.0"
172.31.100.101 - - [07/Jun/2019:19:22:21 +0000] "POST /confirm.php HTTP/1.1" 200 851 "-" "python-requests/2.22.0"
172.31.100.101 - - [07/Jun/2019:19:22:21 +0000] "POST /change.php HTTP/1.1" 200 914 "-" "python-requests/2.22.0"
172.31.100.101 - - [07/Jun/2019:19:22:21 +0000] "POST /change.php HTTP/1.1" 200 242 "-" "python-requests/2.22.0"
172.31.100.101 - - [07/Jun/2019:19:22:35 +0000] "POST /confirm.php HTTP/1.1" 200 851 "-" "python-requests/2.22.0"
172.31.100.101 - - [07/Jun/2019:19:22:35 +0000] "POST /change.php HTTP/1.1" 200 914 "-" "python-requests/2.22.0"
172.31.100.101 - - [07/Jun/2019:19:22:35 +0000] "POST /change.php HTTP/1.1" 200 238 "-" "python-requests/2.22.0"
172.31.100.101 - - [07/Jun/2019:19:22:42 +0000] "POST /confirm.php HTTP/1.1" 200 851 "-" "python-requests/2.22.0"
172.31.100.101 - - [07/Jun/2019:19:22:42 +0000] "POST /change.php HTTP/1.1" 200 914 "-" "python-requests/2.22.0"
172.31.100.101 - - [07/Jun/2019:19:22:42 +0000] "POST /change.php HTTP/1.1" 200 237 "-" "python-requests/2.22.0"
172.31.100.101 - - [07/Jun/2019:19:23:47 +0000] "POST /confirm.php HTTP/1.1" 200 851 "-" "python-requests/2.22.0"
172.31.100.101 - - [07/Jun/2019:19:23:47 +0000] "POST /change.php HTTP/1.1" 200 914 "-" "python-requests/2.22.0"
172.31.100.101 - - [07/Jun/2019:19:23:47 +0000] "POST /change.php HTTP/1.1" 200 914 "-" "python-requests/2.22.0"
172.31.100.101 - - [07/Jun/2019:19:23:53 +0000] "POST /confirm.php HTTP/1.1" 200 851 "-" "python-requests/2.22.0"
172.31.100.101 - - [07/Jun/2019:19:23:53 +0000] "POST /change.php HTTP/1.1" 200 914 "-" "python-requests/2.22.0"
172.31.100.101 - - [07/Jun/2019:19:23:53 +0000] "POST /change.php HTTP/1.1" 200 231 "-" "python-requests/2.22.0"
172.31.100.101 - - [07/Jun/2019:19:25:05 +0000] "POST /confirm.php HTTP/1.1" 200 851 "-" "python-requests/2.22.0"
172.31.100.101 - - [07/Jun/2019:19:25:05 +0000] "POST /change.php HTTP/1.1" 200 914 "-" "python-requests/2.22.0"
172.31.100.101 - - [07/Jun/2019:19:25:05 +0000] "POST /change.php HTTP/1.1" 200 914 "-" "python-requests/2.22.0"
172.31.100.101 - - [07/Jun/2019:19:25:09 +0000] "POST /confirm.php HTTP/1.1" 200 851 "-" "python-requests/2.22.0"
172.31.100.101 - - [07/Jun/2019:19:25:09 +0000] "POST /change.php HTTP/1.1" 200 914 "-" "python-requests/2.22.0"
172.31.100.101 - - [07/Jun/2019:19:25:09 +0000] "POST /change.php HTTP/1.1" 200 220 "-" "python-requests/2.22.0"
172.31.100.101 - - [07/Jun/2019:19:25:32 +0000] "POST /confirm.php HTTP/1.1" 200 851 "-" "python-requests/2.22.0"
172.31.100.101 - - [07/Jun/2019:19:25:32 +0000] "POST /change.php HTTP/1.1" 200 914 "-" "python-requests/2.22.0"
172.31.100.101 - - [07/Jun/2019:19:25:32 +0000] "POST /change.php HTTP/1.1" 200 914 "-" "python-requests/2.22.0"
172.31.100.101 - - [07/Jun/2019:19:25:37 +0000] "POST /confirm.php HTTP/1.1" 200 851 "-" "python-requests/2.22.0"
172.31.100.101 - - [07/Jun/2019:19:25:37 +0000] "POST /change.php HTTP/1.1" 200 914 "-" "python-requests/2.22.0"
172.31.100.101 - - [07/Jun/2019:19:25:38 +0000] "POST /change.php HTTP/1.1" 200 914 "-" "python-requests/2.22.0"
172.31.100.101 - - [07/Jun/2019:19:26:14 +0000] "POST /confirm.php HTTP/1.1" 200 851 "-" "python-requests/2.22.0"
172.31.100.101 - - [07/Jun/2019:19:26:14 +0000] "POST /change.php HTTP/1.1" 200 914 "-" "python-requests/2.22.0"
172.31.100.101 - - [07/Jun/2019:19:26:14 +0000] "POST /change.php HTTP/1.1" 200 233 "-" "python-requests/2.22.0"
172.31.100.101 - - [08/Jun/2019:00:02:51 +0000] "GET / HTTP/1.1" 200 1056 "-" "Mozilla/5.0 (Macintosh; Intel Mac OS X 10_14_5) AppleWebKit/537.36 (KHTML, like Gecko) Chrome/74.0.3729.169 Safari/537.36"
172.31.100.101 - - [08/Jun/2019:00:02:52 +0000] "HEAD /assets/img/logo-en@2x.png HTTP/1.1" 404 158 "http://172.1.31.4/" "Mozilla/5.0 (Macintosh; Intel Mac OS X 10_14_5) AppleWebKit/537.36 (KHTML, like Gecko) Chrome/74.0.3729.169 Safari/537.36"
172.31.100.101 - - [08/Jun/2019:00:02:52 +0000] "GET /favicon.ico HTTP/1.1" 404 463 "http://172.1.31.4/" "Mozilla/5.0 (Macintosh; Intel Mac OS X 10_14_5) AppleWebKit/537.36 (KHTML, like Gecko) Chrome/74.0.3729.169 Safari/537.36"
